// Jest Snapshot v1, https://goo.gl/fbAQLP

exports[`Caluclator Calculator snapshot correctly 1`] = `
<View
  style={
    {
      "alignItems": "center",
      "backgroundColor": "#222",
      "flex": 1,
      "justifyContent": "center",
      "padding": 10,
    }
  }
>
  <Text
    style={
      {
        "alignSelf": "flex-end",
        "color": "white",
        "fontSize": 36,
        "marginBottom": 10,
        "marginRight": 20,
      }
    }
  >
    0
  </Text>
  <Text
    style={
      {
        "alignSelf": "flex-end",
        "color": "lightgreen",
        "fontSize": 28,
        "marginBottom": 20,
        "marginRight": 20,
      }
    }
  />
  <View
    style={
      {
        "flexDirection": "row",
      }
    }
  >
    <View
      accessibilityState={
        {
          "busy": undefined,
          "checked": undefined,
          "disabled": undefined,
          "expanded": undefined,
          "selected": undefined,
        }
      }
      accessibilityValue={
        {
          "max": undefined,
          "min": undefined,
          "now": undefined,
          "text": undefined,
        }
      }
      accessible={true}
      collapsable={false}
      focusable={true}
      onClick={[Function]}
      onResponderGrant={[Function]}
      onResponderMove={[Function]}
      onResponderRelease={[Function]}
      onResponderTerminate={[Function]}
      onResponderTerminationRequest={[Function]}
      onStartShouldSetResponder={[Function]}
      style={
        {
          "alignItems": "center",
          "backgroundColor": "#444",
          "borderRadius": 10,
          "margin": 5,
          "opacity": 1,
          "padding": 20,
          "width": 80,
        }
      }
    >
      <Text
        style={
          {
            "color": "white",
            "fontSize": 24,
          }
        }
      >
        7
      </Text>
    </View>
    <View
      accessibilityState={
        {
          "busy": undefined,
          "checked": undefined,
          "disabled": undefined,
          "expanded": undefined,
          "selected": undefined,
        }
      }
      accessibilityValue={
        {
          "max": undefined,
          "min": undefined,
          "now": undefined,
          "text": undefined,
        }
      }
      accessible={true}
      collapsable={false}
      focusable={true}
      onClick={[Function]}
      onResponderGrant={[Function]}
      onResponderMove={[Function]}
      onResponderRelease={[Function]}
      onResponderTerminate={[Function]}
      onResponderTerminationRequest={[Function]}
      onStartShouldSetResponder={[Function]}
      style={
        {
          "alignItems": "center",
          "backgroundColor": "#444",
          "borderRadius": 10,
          "margin": 5,
          "opacity": 1,
          "padding": 20,
          "width": 80,
        }
      }
    >
      <Text
        style={
          {
            "color": "white",
            "fontSize": 24,
          }
        }
      >
        8
      </Text>
    </View>
    <View
      accessibilityState={
        {
          "busy": undefined,
          "checked": undefined,
          "disabled": undefined,
          "expanded": undefined,
          "selected": undefined,
        }
      }
      accessibilityValue={
        {
          "max": undefined,
          "min": undefined,
          "now": undefined,
          "text": undefined,
        }
      }
      accessible={true}
      collapsable={false}
      focusable={true}
      onClick={[Function]}
      onResponderGrant={[Function]}
      onResponderMove={[Function]}
      onResponderRelease={[Function]}
      onResponderTerminate={[Function]}
      onResponderTerminationRequest={[Function]}
      onStartShouldSetResponder={[Function]}
      style={
        {
          "alignItems": "center",
          "backgroundColor": "#444",
          "borderRadius": 10,
          "margin": 5,
          "opacity": 1,
          "padding": 20,
          "width": 80,
        }
      }
    >
      <Text
        style={
          {
            "color": "white",
            "fontSize": 24,
          }
        }
      >
        9
      </Text>
    </View>
    <View
      accessibilityState={
        {
          "busy": undefined,
          "checked": undefined,
          "disabled": undefined,
          "expanded": undefined,
          "selected": undefined,
        }
      }
      accessibilityValue={
        {
          "max": undefined,
          "min": undefined,
          "now": undefined,
          "text": undefined,
        }
      }
      accessible={true}
      collapsable={false}
      focusable={true}
      onClick={[Function]}
      onResponderGrant={[Function]}
      onResponderMove={[Function]}
      onResponderRelease={[Function]}
      onResponderTerminate={[Function]}
      onResponderTerminationRequest={[Function]}
      onStartShouldSetResponder={[Function]}
      style={
        {
          "alignItems": "center",
          "backgroundColor": "#444",
          "borderRadius": 10,
          "margin": 5,
          "opacity": 1,
          "padding": 20,
          "width": 80,
        }
      }
    >
      <Text
        style={
          {
            "color": "white",
            "fontSize": 24,
          }
        }
      >
        /
      </Text>
    </View>
  </View>
  <View
    style={
      {
        "flexDirection": "row",
      }
    }
  >
    <View
      accessibilityState={
        {
          "busy": undefined,
          "checked": undefined,
          "disabled": undefined,
          "expanded": undefined,
          "selected": undefined,
        }
      }
      accessibilityValue={
        {
          "max": undefined,
          "min": undefined,
          "now": undefined,
          "text": undefined,
        }
      }
      accessible={true}
      collapsable={false}
      focusable={true}
      onClick={[Function]}
      onResponderGrant={[Function]}
      onResponderMove={[Function]}
      onResponderRelease={[Function]}
      onResponderTerminate={[Function]}
      onResponderTerminationRequest={[Function]}
      onStartShouldSetResponder={[Function]}
      style={
        {
          "alignItems": "center",
          "backgroundColor": "#444",
          "borderRadius": 10,
          "margin": 5,
          "opacity": 1,
          "padding": 20,
          "width": 80,
        }
      }
    >
      <Text
        style={
          {
            "color": "white",
            "fontSize": 24,
          }
        }
      >
        4
      </Text>
    </View>
    <View
      accessibilityState={
        {
          "busy": undefined,
          "checked": undefined,
          "disabled": undefined,
          "expanded": undefined,
          "selected": undefined,
        }
      }
      accessibilityValue={
        {
          "max": undefined,
          "min": undefined,
          "now": undefined,
          "text": undefined,
        }
      }
      accessible={true}
      collapsable={false}
      focusable={true}
      onClick={[Function]}
      onResponderGrant={[Function]}
      onResponderMove={[Function]}
      onResponderRelease={[Function]}
      onResponderTerminate={[Function]}
      onResponderTerminationRequest={[Function]}
      onStartShouldSetResponder={[Function]}
      style={
        {
          "alignItems": "center",
          "backgroundColor": "#444",
          "borderRadius": 10,
          "margin": 5,
          "opacity": 1,
          "padding": 20,
          "width": 80,
        }
      }
    >
      <Text
        style={
          {
            "color": "white",
            "fontSize": 24,
          }
        }
      >
        5
      </Text>
    </View>
    <View
      accessibilityState={
        {
          "busy": undefined,
          "checked": undefined,
          "disabled": undefined,
          "expanded": undefined,
          "selected": undefined,
        }
      }
      accessibilityValue={
        {
          "max": undefined,
          "min": undefined,
          "now": undefined,
          "text": undefined,
        }
      }
      accessible={true}
      collapsable={false}
      focusable={true}
      onClick={[Function]}
      onResponderGrant={[Function]}
      onResponderMove={[Function]}
      onResponderRelease={[Function]}
      onResponderTerminate={[Function]}
      onResponderTerminationRequest={[Function]}
      onStartShouldSetResponder={[Function]}
      style={
        {
          "alignItems": "center",
          "backgroundColor": "#444",
          "borderRadius": 10,
          "margin": 5,
          "opacity": 1,
          "padding": 20,
          "width": 80,
        }
      }
    >
      <Text
        style={
          {
            "color": "white",
            "fontSize": 24,
          }
        }
      >
        6
      </Text>
    </View>
    <View
      accessibilityState={
        {
          "busy": undefined,
          "checked": undefined,
          "disabled": undefined,
          "expanded": undefined,
          "selected": undefined,
        }
      }
      accessibilityValue={
        {
          "max": undefined,
          "min": undefined,
          "now": undefined,
          "text": undefined,
        }
      }
      accessible={true}
      collapsable={false}
      focusable={true}
      onClick={[Function]}
      onResponderGrant={[Function]}
      onResponderMove={[Function]}
      onResponderRelease={[Function]}
      onResponderTerminate={[Function]}
      onResponderTerminationRequest={[Function]}
      onStartShouldSetResponder={[Function]}
      style={
        {
          "alignItems": "center",
          "backgroundColor": "#444",
          "borderRadius": 10,
          "margin": 5,
          "opacity": 1,
          "padding": 20,
          "width": 80,
        }
      }
    >
      <Text
        style={
          {
            "color": "white",
            "fontSize": 24,
          }
        }
      >
        *
      </Text>
    </View>
  </View>
  <View
    style={
      {
        "flexDirection": "row",
      }
    }
  >
    <View
      accessibilityState={
        {
          "busy": undefined,
          "checked": undefined,
          "disabled": undefined,
          "expanded": undefined,
          "selected": undefined,
        }
      }
      accessibilityValue={
        {
          "max": undefined,
          "min": undefined,
          "now": undefined,
          "text": undefined,
        }
      }
      accessible={true}
      collapsable={false}
      focusable={true}
      onClick={[Function]}
      onResponderGrant={[Function]}
      onResponderMove={[Function]}
      onResponderRelease={[Function]}
      onResponderTerminate={[Function]}
      onResponderTerminationRequest={[Function]}
      onStartShouldSetResponder={[Function]}
      style={
        {
          "alignItems": "center",
          "backgroundColor": "#444",
          "borderRadius": 10,
          "margin": 5,
          "opacity": 1,
          "padding": 20,
          "width": 80,
        }
      }
    >
      <Text
        style={
          {
            "color": "white",
            "fontSize": 24,
          }
        }
      >
        1
      </Text>
    </View>
    <View
      accessibilityState={
        {
          "busy": undefined,
          "checked": undefined,
          "disabled": undefined,
          "expanded": undefined,
          "selected": undefined,
        }
      }
      accessibilityValue={
        {
          "max": undefined,
          "min": undefined,
          "now": undefined,
          "text": undefined,
        }
      }
      accessible={true}
      collapsable={false}
      focusable={true}
      onClick={[Function]}
      onResponderGrant={[Function]}
      onResponderMove={[Function]}
      onResponderRelease={[Function]}
      onResponderTerminate={[Function]}
      onResponderTerminationRequest={[Function]}
      onStartShouldSetResponder={[Function]}
      style={
        {
          "alignItems": "center",
          "backgroundColor": "#444",
          "borderRadius": 10,
          "margin": 5,
          "opacity": 1,
          "padding": 20,
          "width": 80,
        }
      }
    >
      <Text
        style={
          {
            "color": "white",
            "fontSize": 24,
          }
        }
      >
        2
      </Text>
    </View>
    <View
      accessibilityState={
        {
          "busy": undefined,
          "checked": undefined,
          "disabled": undefined,
          "expanded": undefined,
          "selected": undefined,
        }
      }
      accessibilityValue={
        {
          "max": undefined,
          "min": undefined,
          "now": undefined,
          "text": undefined,
        }
      }
      accessible={true}
      collapsable={false}
      focusable={true}
      onClick={[Function]}
      onResponderGrant={[Function]}
      onResponderMove={[Function]}
      onResponderRelease={[Function]}
      onResponderTerminate={[Function]}
      onResponderTerminationRequest={[Function]}
      onStartShouldSetResponder={[Function]}
      style={
        {
          "alignItems": "center",
          "backgroundColor": "#444",
          "borderRadius": 10,
          "margin": 5,
          "opacity": 1,
          "padding": 20,
          "width": 80,
        }
      }
    >
      <Text
        style={
          {
            "color": "white",
            "fontSize": 24,
          }
        }
      >
        3
      </Text>
    </View>
    <View
      accessibilityState={
        {
          "busy": undefined,
          "checked": undefined,
          "disabled": undefined,
          "expanded": undefined,
          "selected": undefined,
        }
      }
      accessibilityValue={
        {
          "max": undefined,
          "min": undefined,
          "now": undefined,
          "text": undefined,
        }
      }
      accessible={true}
      collapsable={false}
      focusable={true}
      onClick={[Function]}
      onResponderGrant={[Function]}
      onResponderMove={[Function]}
      onResponderRelease={[Function]}
      onResponderTerminate={[Function]}
      onResponderTerminationRequest={[Function]}
      onStartShouldSetResponder={[Function]}
      style={
        {
          "alignItems": "center",
          "backgroundColor": "#444",
          "borderRadius": 10,
          "margin": 5,
          "opacity": 1,
          "padding": 20,
          "width": 80,
        }
      }
    >
      <Text
        style={
          {
            "color": "white",
            "fontSize": 24,
          }
        }
      >
        -
      </Text>
    </View>
  </View>
  <View
    style={
      {
        "flexDirection": "row",
      }
    }
  >
    <View
      accessibilityState={
        {
          "busy": undefined,
          "checked": undefined,
          "disabled": undefined,
          "expanded": undefined,
          "selected": undefined,
        }
      }
      accessibilityValue={
        {
          "max": undefined,
          "min": undefined,
          "now": undefined,
          "text": undefined,
        }
      }
      accessible={true}
      collapsable={false}
      focusable={true}
      onClick={[Function]}
      onResponderGrant={[Function]}
      onResponderMove={[Function]}
      onResponderRelease={[Function]}
      onResponderTerminate={[Function]}
      onResponderTerminationRequest={[Function]}
      onStartShouldSetResponder={[Function]}
      style={
        {
          "alignItems": "center",
          "backgroundColor": "#444",
          "borderRadius": 10,
          "margin": 5,
          "opacity": 1,
          "padding": 20,
          "width": 80,
        }
      }
    >
      <Text
        style={
          {
            "color": "white",
            "fontSize": 24,
          }
        }
      >
        0
      </Text>
    </View>
    <View
      accessibilityState={
        {
          "busy": undefined,
          "checked": undefined,
          "disabled": undefined,
          "expanded": undefined,
          "selected": undefined,
        }
      }
      accessibilityValue={
        {
          "max": undefined,
          "min": undefined,
          "now": undefined,
          "text": undefined,
        }
      }
      accessible={true}
      collapsable={false}
      focusable={true}
      onClick={[Function]}
      onResponderGrant={[Function]}
      onResponderMove={[Function]}
      onResponderRelease={[Function]}
      onResponderTerminate={[Function]}
      onResponderTerminationRequest={[Function]}
      onStartShouldSetResponder={[Function]}
      style={
        {
          "alignItems": "center",
          "backgroundColor": "#444",
          "borderRadius": 10,
          "margin": 5,
          "opacity": 1,
          "padding": 20,
          "width": 80,
        }
      }
    >
      <Text
        style={
          {
            "color": "white",
            "fontSize": 24,
          }
        }
      >
        C
      </Text>
    </View>
    <View
      accessibilityState={
        {
          "busy": undefined,
          "checked": undefined,
          "disabled": undefined,
          "expanded": undefined,
          "selected": undefined,
        }
      }
      accessibilityValue={
        {
          "max": undefined,
          "min": undefined,
          "now": undefined,
          "text": undefined,
        }
      }
      accessible={true}
      collapsable={false}
      focusable={true}
      onClick={[Function]}
      onResponderGrant={[Function]}
      onResponderMove={[Function]}
      onResponderRelease={[Function]}
      onResponderTerminate={[Function]}
      onResponderTerminationRequest={[Function]}
      onStartShouldSetResponder={[Function]}
      style={
        {
          "alignItems": "center",
          "backgroundColor": "#444",
          "borderRadius": 10,
          "margin": 5,
          "opacity": 1,
          "padding": 20,
          "width": 80,
        }
      }
    >
      <Text
        style={
          {
            "color": "white",
            "fontSize": 24,
          }
        }
      >
        =
      </Text>
    </View>
    <View
      accessibilityState={
        {
          "busy": undefined,
          "checked": undefined,
          "disabled": undefined,
          "expanded": undefined,
          "selected": undefined,
        }
      }
      accessibilityValue={
        {
          "max": undefined,
          "min": undefined,
          "now": undefined,
          "text": undefined,
        }
      }
      accessible={true}
      collapsable={false}
      focusable={true}
      onClick={[Function]}
      onResponderGrant={[Function]}
      onResponderMove={[Function]}
      onResponderRelease={[Function]}
      onResponderTerminate={[Function]}
      onResponderTerminationRequest={[Function]}
      onStartShouldSetResponder={[Function]}
      style={
        {
          "alignItems": "center",
          "backgroundColor": "#444",
          "borderRadius": 10,
          "margin": 5,
          "opacity": 1,
          "padding": 20,
          "width": 80,
        }
      }
    >
      <Text
        style={
          {
            "color": "white",
            "fontSize": 24,
          }
        }
      >
        +
      </Text>
    </View>
  </View>
</View>
`;
